<div
    class="mlbrgn-mle-component theme-bootstrap-5 image-editor-modal modal fade"
    id="blog-images-iem-1"
    tabindex="-1"
    role="dialog"
            aria-labelledby="blog-images-iem-1-title"
        aria-hidden="true"
    data-theme="bootstrap-5"
    data-modal
    data-image-editor-modal
    data-medium-display-name=".jpg"
    data-medium-path="/storage/1/test.jpg"
>
    <div class="image-editor-modal-dialog modal-dialog">
        <div class="image-editor-modal-content modal-content justify-content-center">
                            <h1 class="image-editor-modal-title visually-hidden" id="blog-images-iem-1-title">My title</h1>
                        <div class="image-editor-modal-body modal-body p-0">
                <button
                    type="button"
                    data-modal-close
                    class="image-editor-modal-close-button modal-close-button"
                    data-bs-dismiss="modal"
                    aria-label="Sluit"
                    title="Close">
                    <span 
        role="img" 
        aria-label="Close" 
        title="Close">❓</span>
                </button>
                <input type="hidden" class="image-editor-modal-config" value='{"id":"blog-images-iem-1","initiator_id":"blog-images","media_manager_id":"blog-images","model_type":"Mlbrgn\\MediaLibraryExtensions\\Tests\\Models\\Blog","model_id":null,"medium_id":1,"collection":"blog-images","csrf_token":null,"save_updated_medium_route":"http:\/\/localhost\/mlbrgn-mle\/media-manager\/1\/save-updated-temporary-upload","temporary_upload":true,"image_collection":"","document_collection":"","youtube_collection":"","video_collection":"","audio_collection":"","use_xhr":true}'>
                
                <div data-image-editor-placeholder class="image-editor"></div>

                <div class="conditional-form mle-image-editor-form" data-xhr-form="data-xhr-form" id="blog-images-iem-1-ie-update-form" data-xhr-method="post">
        <input type="hidden"
           name="medium_id"
           value="1">
    <input type="hidden"
           name="model_type"
           value="Mlbrgn\MediaLibraryExtensions\Tests\Models\Blog">
    <input type="hidden"
           name="model_id"
           value="">
    <input type="hidden"
           name="initiator_id"
           value="blog-images-iem-1-ie-update-form">
    <input type="hidden"
           name="media_manager_id"
           value="blog-images">
    <input type="hidden"
           name="temporary_upload"
           value="true">
    <input type="hidden"
           name="collection"
           value="blog-images">
    <input type="file"
           name="file"
           hidden>
                        <button
        type="button"
        class="mle-button mle-button-submit mle-button-icon btn btn-primary"
        title="Setup as main."
        data-action="set-as-first"
    >
        <span 
        role="img" 
        aria-label="Setup as main." 
        title="Setup as main.">❓</span>
    </button>
    </div>
    <link rel="stylesheet" href="http://localhost/vendor/media-library-extensions/app-bootstrap-5.css">
    
            <script type="module" src="http://localhost/vendor/media-library-extensions/app-bootstrap-5.js"></script>
                <script>
            window.mediaLibraryTranslations = {"csrf_token_mismatch":"Your session has expired. Please refresh the page to login again.","unauthenticated":"Please log in to continue.","forbidden":"You\u2019re not allowed to perform this action.","not_found":"We couldn\u2019t find what you were looking for.","validation_failed":"Please check the form for errors.","too_many_requests":"You\u2019re sending requests too quickly. Try again in a moment.","server_error":"Something went wrong. Please try again later.","unknown_error":"Unknown error.","medium_replaced":"Medium replaced.","medium_replacement_failed":"Medium replacement failed."};
        </script>
    

            <script type="module" src="http://localhost/vendor/media-library-extensions/form-submitter.js"></script>
    


            </div>
        </div>
    </div>
</div>
