<div 
    class="mle-audio" id="test-audio"
    id="01KVZAKFN9Z9YC7A72V95Z1RDT-audio"
>
    <div class="mle-audio-preview">
        <div class="mle-audio-info">
            <p>
                temp.jpg
            </p>
        </div>
        <audio id="01KVZAKFN9Z9YC7A72V95Z1RDT-audio" controls data-mle-audio>
            <source src="/storage/uploads/temp.jpg" type="">
            Your browser does not support the audio element.
        </audio>
    </div>
</div>