<div 
    class="mle-audio" test="test"
    id="test-audio-audio"
    data-mle-audio-container
>
    <div class="mle-audio-preview">
        <div class="mle-audio-info">
            <p>
                test.mp3
            </p>
        </div>

        <audio id="test-audio-audio" controls data-mle-audio>
            <source src="/storage/1/test.mp3" type="audio/mpeg">
            Your browser does not support the audio element.
        </audio>
    </div>
</div>