<div class="mle-document" mle-document>
    <div class="mle-document-preview">
        <span 
        role="img" 
        aria-label="PDF document." 
        title="PDF document.">❓</span>
        <div class="mle-document-info">
            <p>
                test.pdf
            </p>
            <p>
                1 KB
            </p>

            
                            <span 
        role="img" 
        aria-label="PDF document." 
        title="PDF document.">❓</span>
            
                    </div>
    </div>
</div>
