<div class="mle-video" id="test-video">
    <div class="mle-video-preview">
        <div class="mle-video-info">
            <p>
                test.mp3
            </p>
        </div>
        <video id="mle-video-1" controls preload="metadata" data-mle-video>
            <source src="/media/1/test.mp3" type="audio/mpeg">
            media-library-extensions::messages.your_browser_does_not_support_the_video_element
        </video>
    </div>
</div>
