<div
    class="mlbrgn-mle-component theme-bootstrap-5 media-modal modal fade"
    id="test-media-modal-mod"
    tabindex="-1"
    role="dialog"
            aria-labelledby="test-media-modal-mod-title"
        aria-hidden="true"
            data-autoplay=""
    >
    <div class="media-modal-dialog modal-dialog">
        <div class="media-modal-content modal-content justify-content-center">
                            <h1 class="media-modal-title visually-hidden" id="test-media-modal-mod-title">test</h1>
                        <div class="media-modal-body modal-body p-0">
                <button
                    type="button"
                    data-modal-close
                    class="media-modal-close-button modal-close-button"
                    data-bs-dismiss="modal"
                    aria-label="Sluit"
                    title="Close">
                    <span 
        role="img" 
        aria-label="Close" 
        title="Close">❓</span>
                </button>
               
                
                <div id="test-media-modal-mod-crs"
     class="mlbrgn-mle-component theme-bootstrap-5 media-carousel carousel slide mle-width-100 mle-height-100 mle-width-100 mle-height-100"
    >
    
    <div 
        class="media-carousel-indicators carousel-indicators"
    >
                    <button
                type="button"
                data-bs-target="#test-media-modal-mod-crs"
                data-bs-slide-to="0"
                class="active"
                 
                    aria-current="true" 
                                aria-label="Slide to 1">
            </button>
                    <button
                type="button"
                data-bs-target="#test-media-modal-mod-crs"
                data-bs-slide-to="1"
                class=""
                                aria-label="Slide to 2">
            </button>
                    <button
                type="button"
                data-bs-target="#test-media-modal-mod-crs"
                data-bs-slide-to="2"
                class=""
                                aria-label="Slide to 3">
            </button>
                    <button
                type="button"
                data-bs-target="#test-media-modal-mod-crs"
                data-bs-slide-to="3"
                class=""
                                aria-label="Slide to 4">
            </button>
                    <button
                type="button"
                data-bs-target="#test-media-modal-mod-crs"
                data-bs-slide-to="4"
                class=""
                                aria-label="Slide to 5">
            </button>
            </div>

    
    <div class="media-carousel-inner carousel-inner">
                    <div 
                class="media-carousel-item carousel-item active">
                <div class="media-carousel-item-container" 
                     data-bs-toggle="modal"
                     data-bs-target="#test-media-modal-mod-crs-mod"
                >
                                    <img
        class="mle-image-responsive" data-bs-target="#test-media-modal-mod-crs-mod-crs" data-bs-slide-to="0" draggable="false"
        src="/media/1/test.jpg"
                        alt="test"
         loading="lazy"         data-mle-image
    >
                                </div>
            </div>
                    <div 
                class="media-carousel-item carousel-item">
                <div class="media-carousel-item-container" 
                     data-bs-toggle="modal"
                     data-bs-target="#test-media-modal-mod-crs-mod"
                >
                                    <img
        class="mle-image-responsive" data-bs-target="#test-media-modal-mod-crs-mod-crs" data-bs-slide-to="1" draggable="false"
        src="/media/2/test2.jpg"
                        alt="test2"
         loading="lazy"         data-mle-image
    >
                                </div>
            </div>
                    <div 
                class="media-carousel-item carousel-item">
                <div class="media-carousel-item-container" 
                     data-bs-toggle="modal"
                     data-bs-target="#test-media-modal-mod-crs-mod"
                >
                                    <div class="mle-document mle-document mle-cursor-zoom-in" data-bs-target="test-media-modal-mod-crs-mod" data-bs-slide-to="2" mle-document>
    <div class="mle-document-preview">
        <span 
        role="img" 
        aria-label="PDF document." 
        title="PDF document.">❓</span>
        <div class="mle-document-info">
            <p>
                test.pdf
            </p>
            <p>
                1 KB
            </p>

            
                            <a href="/media/3/test.pdf" target="_blank" class="mle-document-link" data-mle-document-link>
                    <span 
        role="img" 
        aria-label="PDF document." 
        title="PDF document.">❓</span>
                    Download document
                </a>
            
                                                </div>
    </div>
</div>
                                </div>
            </div>
                    <div 
                class="media-carousel-item carousel-item">
                <div class="media-carousel-item-container" 
                     data-bs-toggle="modal"
                     data-bs-target="#test-media-modal-mod-crs-mod"
                >
                                    <div
                        data-bs-toggle="modal"
                        data-bs-target="#test-media-modal-mod-crs-mod"
                        class="media-manager-preview-item-container"
                    >
                        <div class="mle-video">
    <div class="mle-video-preview">
        <div class="mle-video-info">
            <p>
                test.mp4
            </p>
        </div>
        <video id="mle-video-5" controls preload="metadata" data-mle-video>
            <source src="/media/5/test.mp4" type="video/mp4">
            media-library-extensions::messages.your_browser_does_not_support_the_video_element
        </video>
    </div>
</div>
                    </div>
                                </div>
            </div>
                    <div 
                class="media-carousel-item carousel-item">
                <div class="media-carousel-item-container" 
                     data-bs-toggle="modal"
                     data-bs-target="#test-media-modal-mod-crs-mod"
                >
                                    <div
                        data-bs-toggle="modal"
                        data-bs-target="#test-media-modal-mod-crs-mod"
                        class="media-manager-preview-item-container"
                    >
                        <div class="mle-audio">
    <div class="mle-audio-preview">
        <div class="mle-audio-info">
            <p>
                test.mp3
            </p>
        </div>
        <audio id="mle-audio-4" controls data-mle-audio>
            <source src="/media/4/test.mp3" type="audio/mpeg">
            Your browser does not support the audio element.
        </audio>
    </div>
</div>                    </div>
                                </div>
            </div>
            </div>

    
    <button
        class="media-carousel-control-prev carousel-control-prev"
        type="button" 
        data-bs-target="#test-media-modal-mod-crs" 
        data-bs-slide="prev" 
        title="Previous">
        <span class="carousel-control-prev-icon" aria-hidden="true">
              <span 
        role="img" 
        aria-label="Previous" 
        title="Previous">❓</span>
        </span>
        <span class="visually-hidden">Previous</span>
    </button>
    <button
        class="media-carousel-control-next carousel-control-next"
        type="button" 
        data-bs-target="#test-media-modal-mod-crs" 
        data-bs-slide="next" 
        title="Next">
        <span class="carousel-control-next-icon" aria-hidden="true">
               <span 
        role="img" 
        aria-label="Next" 
        title="Next">❓</span>
        </span>
        <span class="visually-hidden">Next</span>
    </button>
</div>
<script>
            if (!document.getElementById('mlbrgn-css-bootstrap-5')) {
                const link = document.createElement('link');
                link.id = 'mlbrgn-css-bootstrap-5';
                link.rel = 'stylesheet';
                link.href = "http://localhost/vendor/mlbrgn/media-library-extensions/app-bootstrap-5.css";
                document.head.appendChild(link);
                console.log('css dynamically loaded');
            }
        </script>

        
        <noscript>
            <link rel="stylesheet" href="http://localhost/vendor/mlbrgn/media-library-extensions/app-bootstrap-5.css">
            <div style="color:red;">
                JavaScript is disabled. Some features may not work.
            </div>
        </noscript>
    
            <script type="module">
            if (!window.mlbrgnJsLoaded) {
                const script = document.createElement('script');
                script.type = 'module';
                script.src = "http://localhost/vendor/mlbrgn/media-library-extensions/app-bootstrap-5.js";
                document.head.appendChild(script);
                window.mlbrgnJsLoaded = true;

                window.mediaLibraryTranslations = {"csrf_token_mismatch":"Your session has expired. Please refresh the page to login again.","unauthenticated":"Please log in to continue.","forbidden":"You\u2019re not allowed to perform this action.","not_found":"We couldn\u2019t find what you were looking for.","validation_failed":"Please check the form for errors.","too_many_requests":"You\u2019re sending requests too quickly. Try again in a moment.","server_error":"Something went wrong. Please try again later.","unknown_error":"Unknown error.","medium_replaced":"Medium replaced.","medium_replacement_failed":"Medium replacement failed."};
                console.log('css dynamically loaded');
            }
        </script>
        
    


            <script type="module">
            // Loading the "lite-YouTube" extension caused issues with the host app,
            // now waiting for dom to be loaded and only
            // loading YT iframe api and "lite-YouTube" when not loaded
            // already (by host app)
            document.addEventListener('DOMContentLoaded', function() {
                if (!window.YT) {
                    const tag = document.createElement('script');
                    tag.src = "https://www.youtube.com/iframe_api";
                    document.head.appendChild(tag);
                }

                if (!customElements.get('lite-youtube')) {
                    console.log('no lite-youtube, loading');
                    const script = document.createElement('script');
                    script.src = "http://localhost/vendor/mlbrgn/media-library-extensions/lite-youtube.js";
                    document.head.appendChild(script);
                } else {
                    console.log('lite-youtube already present');
                }
            })
        </script>
    

            </div>
        </div>
    </div>
</div>

