<div
    class="mle-component mle-theme-bootstrap-5 mle-media-modal mle-modal modal fade"
    id="test-media-modal-mod"
    tabindex="-1"
            aria-labelledby="test-media-modal-mod-title"
                data-mle-autoplay=""
        data-mle-modal
    data-mle-media-modal
    
>
    <div class="mle-media-modal-dialog mle-modal-dialog modal-dialog">
        <div class="mle-media-modal-content mle-modal-content modal-content justify-content-center">
                            <h1 class="mle-modal-title mle-media-modal-title mle-visually-hidden" id="test-media-modal-mod-title">test</h1>
                        <div class="mle-modal-body mle-media-modal-body modal-body p-0">
                <button
                    type="button"
                    class="mle-modal-close-button mle-media-modal-close-button"
                    data-mle-modal-close
                    data-bs-dismiss="modal"
                    aria-label="Sluit"
                    title="Close">
                    <span 
        role="img" 
        aria-label="Close" 
        title="Close">❓</span>
                </button>
                
                <div id="test-media-modal-mod-crs"
     class="mle-component mle-theme-bootstrap-5 mle-media-carousel media-carousel carousel slide mle-width-100 mle-height-100 mle-width-100 mle-height-100"
        data-mle-carousel
>
    
    <div
        class="mle-media-carousel-indicators carousel-indicators"
        data-mle-carousel-indicators
    >
                    <button
                type="button"
                data-bs-target="#test-media-modal-mod-crs"
                data-bs-slide-to="0"
                class="active"
                 
                    aria-current="true" 
                                aria-label="Slide to 1">
            </button>
                    <button
                type="button"
                data-bs-target="#test-media-modal-mod-crs"
                data-bs-slide-to="1"
                class=""
                                aria-label="Slide to 2">
            </button>
            </div>

    
    <div class="mle-media-carousel-inner carousel-inner">
                    <div
                class="mle-media-carousel-item carousel-item active"
                data-mle-carousel-item
            >
                <div class="mle-media-carousel-item-container"
                                     >
                    <img
        class="mle-media-preview-item mle-image-responsive" draggable="false" data-bs-target="#test-media-modal-mod-crs-mod-crs" data-bs-slide-to="0"
        src="/media/1/test.jpg?v=1764168261236"
                        alt=""
         loading="lazy"         data-mle-image
    >
                </div>
            </div>
                    <div
                class="mle-media-carousel-item carousel-item"
                data-mle-carousel-item
            >
                <div class="mle-media-carousel-item-container"
                                     >
                    <img
        class="mle-media-preview-item mle-image-responsive" draggable="false" data-bs-target="#test-media-modal-mod-crs-mod-crs" data-bs-slide-to="1"
        src="/media/2/test2.jpg?v=1764168261237"
                        alt=""
         loading="lazy"         data-mle-image
    >
                </div>
            </div>
            </div>

    
    <button
        class="mle-media-carousel-control-prev carousel-control-prev"
        type="button"
        data-bs-target="#test-media-modal-mod-crs" 
        data-bs-slide="prev" 
        title="Previous"
    >
        <span class="mle-media-carousel-control-prev-icon" aria-hidden="true">
        <span 
        role="img" 
        aria-label="Previous" 
        title="Previous">❓</span>
        </span>
        <span class="mle-visually-hidden">Previous</span>
    </button>
    <button
        class="mle-media-carousel-control-next carousel-control-next"
        type="button"
        data-bs-target="#test-media-modal-mod-crs"
        data-bs-slide="next"
        title="Next"
    >
        <span class="mle-media-carousel-control-next-icon" aria-hidden="true">
            <span 
        role="img" 
        aria-label="Next" 
        title="Next">❓</span>
        </span>
        <span class="mle-visually-hidden">Next</span>
    </button>
</div>
<script>
            if (!document.getElementById('mlbrgn-css-bootstrap-5')) {
                const link = document.createElement('link');
                link.id = 'mlbrgn-css-bootstrap-5';
                link.rel = 'stylesheet';
                link.href = "http://localhost/vendor/mlbrgn/media-library-extensions/css/app-bootstrap-5.css";
                document.head.appendChild(link);
                console.log('CSS dynamically loaded');
            }
        </script>

        
        <noscript>
            <link rel="stylesheet" href="http://localhost/vendor/mlbrgn/media-library-extensions/css/app-bootstrap-5.css">
            <div style="color:red;">
                JavaScript is disabled. Some features may not work.
            </div>
        </noscript>
    


            <script type="module">
            if (!window.mlbrgnJsLoaded) {
                const script = document.createElement('script');
                script.type = 'module';
                script.src = "http://localhost/vendor/mlbrgn/media-library-extensions/js/app-bootstrap-5.js";
                document.head.appendChild(script);
                window.mlbrgnJsLoaded = true;

                window.mediaLibraryTranslations = {"csrf_token_mismatch":"Your session has expired. Please refresh the page to login again.","unauthenticated":"Please log in to continue.","forbidden":"You\u2019re not allowed to perform this action.","not_found":"We couldn\u2019t find what you were looking for.","validation_failed":"Please check the form for errors.","too_many_requests":"You\u2019re sending requests too quickly. Try again in a moment.","server_error":"Something went wrong. Please try again later.","unknown_error":"Unknown error.","medium_replaced":"Medium replaced.","medium_replacement_failed":"Medium replacement failed."};

                console.log('Main JS dynamically loaded');
            }
        </script>
    




















            <script type="module">
            document.addEventListener('DOMContentLoaded', function() {
                if (!window.YT) {
                    const tag = document.createElement('script');
                    tag.src = "https://www.youtube.com/iframe_api";
                    document.head.appendChild(tag);
                }

                if (!customElements.get('lite-youtube')) {
                    console.log('no lite-youtube, loading');
                    const script = document.createElement('script');
                    script.src = "http://localhost/vendor/mlbrgn/media-library-extensions/js/lite-youtube.js";
                    document.head.appendChild(script);
                } else {
                    console.log('lite-youtube already present');
                }
            });
        </script>
    

            </div>
        </div>
    </div>
</div>
<script type="module">
        if (!window.mleMediaModalJs) {
            const script = document.createElement('script');
            script.type = 'module';
            script.src = "http://localhost/vendor/mlbrgn/media-library-extensions/js/bs5-modal-media.js";
            document.head.appendChild(script);
            window.mleMediaModalJs = true;

            console.log('mleMediaModalJs');
        }
    </script>












